// Jest Snapshot v1, https://goo.gl/fbAQLP

exports[`NoteListMain component renders a .NoteListMain by default 1`] = `
<section
  className="NoteListMain"
>
  <ul />
  <div
    className="NoteListMain__button-container"
  >
    <AddNote />
  </div>
</section>
`;

exports[`NoteListMain component renders a Note in ul for each notes in array 1`] = `<ul />`;
